[09:20:04] 澜起科技 sh688008 -> {"dir":"净流出","net":3.31,"flowRaw":"-3.31亿","trend5d":null,"narrative":"今日资金呈净流出状态，但股价却出现了上涨。观察后市资金走势，若资金净流出收窄且变成净流入状态，短期股价有望迎来反弹。"}
[09:20:19] 中际旭创 sz300308 -> {"dir":null,"net":17.71,"flowRaw":"17.71亿","trend5d":"近5日资金总体呈现净流入状态。","narrative":null}
[09:20:34] 扬杰科技 sz300373 -> {"dir":"净流出","net":0.044561,"flowRaw":"-445.61万","trend5d":null,"narrative":"今日资金呈净流出状态，但股价却出现了上涨。观察后市资金走势，若资金净流出收窄且变成净流入状态，短期股价有望迎来反弹。"}
[09:20:49] 中钨高新 sz000657 -> {"dir":null,"net":2.84,"flowRaw":"2.84亿","trend5d":null,"narrative":null}
[09:21:04] 普冉股份 sh688766 -> {"dir":null,"net":2.15,"flowRaw":"2.15亿","trend5d":null,"narrative":null}
[09:21:17] 佰维存储 sh688525 -> {"dir":null,"net":2.93,"flowRaw":"2.93亿","trend5d":"近日资金净流出和股价下跌的态势。","narrative":null}
[09:21:32] 长鑫科技 sh688825 -> {"dir":null,"net":19.8,"flowRaw":"19.80亿","trend5d":"近5日资金总体呈现净流入状态。","narrative":null}
[09:21:47] 紫光国微 sz002049 -> {"dir":null,"net":0.9385969999999999,"flowRaw":"9385.97万","trend5d":null,"narrative":null}
[09:22:03] 新易盛 sz300502 -> {"dir":null,"net":13.71,"flowRaw":"13.71亿","trend5d":"近5日资金总体呈现净流入状态。","narrative":null}
[09:22:20] 华友钴业 sh603799 -> {"dir":"净流出","net":1.86,"flowRaw":"-1.86亿","trend5d":null,"narrative":"今日资金呈净流出状态，但股价却出现了上涨。观察后市资金走势，若资金净流出收窄且变成净流入状态，短期股价有望迎来反弹。"}
[09:22:36] 立讯精密 sz002475 -> {"dir":null,"net":1.48,"flowRaw":"1.48亿","trend5d":"近日资金净流出和股价下跌的态势。","narrative":null}
[09:22:51] 环旭电子 sh601231 -> {"dir":null,"net":0.346575,"flowRaw":"3465.75万","trend5d":"近日资金净流出和股价下跌的态势。","narrative":null}
[09:23:07] 科华数据 sz002335 -> {"dir":null,"net":-0.402951,"flowRaw":"-4029.51万","trend5d":"近日资金总体上呈净流出状态。","narrative":null}
[09:23:22] 四方达 sz300179 -> {"dir":null,"net":0.624283,"flowRaw":"6242.83万","trend5d":null,"narrative":null}
[09:23:39] 紫金矿业 sh601899 -> {"dir":null,"net":2.83,"flowRaw":"2.83亿","trend5d":"近日资金净流出和股价下跌的态势。","narrative":null}
[09:23:55] 大华股份 sz002236 -> {"dir":"净流出","net":0.745373,"flowRaw":"-7453.73万","trend5d":null,"narrative":"今日资金呈净流出状态，但股价却出现了上涨。观察后市资金走势，若资金净流出收窄且变成净流入状态，短期股价有望迎来反弹。"}
[09:24:09] 宁德时代 sz300750 -> {"dir":"净流出","net":1.97,"flowRaw":"-1.97亿","trend5d":null,"narrative":"今日资金呈现净流出状态，大概率表明短期上涨趋势告一段落。后续需持续观察资金的动向。"}
[09:24:24] 汉得信息 sz300170 -> {"dir":"净流出","net":0.665744,"flowRaw":"-6657.44万","trend5d":null,"narrative":"今日资金呈净流出状态，但股价却出现了上涨。观察后市资金走势，若资金净流出收窄且变成净流入状态，短期股价有望迎来反弹。"}
[09:24:38] 华测导航 sz300627 -> {"dir":null,"net":0.7464649999999999,"flowRaw":"7464.65万","trend5d":null,"narrative":null}
[09:24:53] 科大讯飞 sz002230 -> {"dir":null,"net":-1.85,"flowRaw":"-1.85亿","trend5d":"近日资金持续净流出，股价也跌势不止。","narrative":null}
[09:25:08] 青岛啤酒 sh600600 -> {"dir":null,"net":-0.5131760000000001,"flowRaw":"-5131.76万","trend5d":"近日资金持续净流出，股价也跌势不止。","narrative":null}
